
Running 1 test using 1 worker

[1A[2K[1/1] [chromium] ΓÇ║ tests\e2e.spec.js:3:1 ΓÇ║ mimid e2e flow
[1A[2K  1) [chromium] ΓÇ║ tests\e2e.spec.js:3:1 ΓÇ║ mimid e2e flow ΓöÇΓöÇΓöÇΓöÇΓöÇΓöÇΓöÇΓöÇΓöÇΓöÇΓöÇΓöÇΓöÇΓöÇΓöÇΓöÇΓöÇΓöÇΓöÇΓöÇΓöÇΓöÇΓöÇΓöÇΓöÇΓöÇΓöÇΓöÇΓöÇΓöÇΓöÇΓöÇΓöÇΓöÇΓöÇΓöÇΓöÇΓöÇΓöÇΓöÇΓöÇΓöÇΓöÇ

    [31mTest timeout of 30000ms exceeded.[39m

    Error: [2mexpect([22m[31mlocator[39m[2m).[22mtoBeVisible[2m([22m[2m)[22m failed

    Locator:  locator('#startBtn')
    Expected: visible
    Received: hidden

    Call log:
    [2m  - Expect "toBeVisible" with timeout 30000ms[22m
    [2m  - waiting for locator('#startBtn')[22m
    [2m    33 ├ù locator resolved to <button id="startBtn" class="primary hidden">Start Quiz</button>[22m
    [2m       - unexpected value "hidden"[22m


      30 |     // Wait for session to load
      31 |     const startBtn = page.locator('#startBtn');
    > 32 |     await expect(startBtn).toBeVisible({ timeout: 30000 });
         |                            ^
      33 |
      34 |     // 6. Start quiz
      35 |     await startBtn.click();
        at C:\Users\james\OneDrive\Documents\mimid\tests\e2e.spec.js:32:28

    Error Context: test-results\e2e-mimid-e2e-flow-chromium\error-context.md


[1A[2K  1 failed
    [chromium] ΓÇ║ tests\e2e.spec.js:3:1 ΓÇ║ mimid e2e flow ΓöÇΓöÇΓöÇΓöÇΓöÇΓöÇΓöÇΓöÇΓöÇΓöÇΓöÇΓöÇΓöÇΓöÇΓöÇΓöÇΓöÇΓöÇΓöÇΓöÇΓöÇΓöÇΓöÇΓöÇΓöÇΓöÇΓöÇΓöÇΓöÇΓöÇΓöÇΓöÇΓöÇΓöÇΓöÇΓöÇΓöÇΓöÇΓöÇΓöÇΓöÇΓöÇΓöÇΓöÇ
